// Jest Snapshot v1, https://goo.gl/fbAQLP

exports[`>>>Footer --- Snapshot +++capturing Snapshot of Footer 1`] = `
<footer
  className="text-muted"
>
  <div
    className="container"
  >
    <p
      className="float-right"
    >
      <a
        href="#"
      >
        Back to top
      </a>
    </p>
    <p>
      Blog example
    </p>
  </div>
</footer>
`;
