// Jest Snapshot v1, https://goo.gl/fbAQLP

exports[`>>>Tags --- Snapshot +++capturing 1`] = `
<div>
  <div
    className="jumbotron"
  >
    <h4>
      New tag
    </h4>
    <form
      className=""
    >
      <div
        className="position-relative form-group"
      >
        <label
          className=""
          htmlFor="name"
        >
          Name
        </label>
        <input
          className="form-control"
          id="name"
          name="name"
          onChange={[Function]}
          placeholder="Enter tag name"
          type="text"
          value=""
        />
      </div>
      <div
        className="d-flex justify-content-end"
      >
        <button
          aria-label={null}
          className="btn btn-secondary btn-sm"
          onClick={[Function]}
          type="button"
        >
          Add new post
        </button>
      </div>
    </form>
  </div>
  <div>
    <h4>
      Tags: 
    </h4>
  </div>
   
  <div
    className="btn-group"
    role="group"
  >
    <button
      aria-label={null}
      className="btn btn-outline-secondary"
      onClick={[Function]}
    >
      1
    </button>
    <button
      aria-label={null}
      className="btn btn-outline-secondary"
      onClick={[Function]}
      type="button"
    >
      <svg
        fill="currentColor"
        height="1em"
        stroke="currentColor"
        strokeWidth="0"
        style={
          Object {
            "color": undefined,
          }
        }
        viewBox="0 0 352 512"
        width="1em"
      >
        <path
          d="M242.72 256l100.07-100.07c12.28-12.28 12.28-32.19 0-44.48l-22.24-22.24c-12.28-12.28-32.19-12.28-44.48 0L176 189.28 75.93 89.21c-12.28-12.28-32.19-12.28-44.48 0L9.21 111.45c-12.28 12.28-12.28 32.19 0 44.48L109.28 256 9.21 356.07c-12.28 12.28-12.28 32.19 0 44.48l22.24 22.24c12.28 12.28 32.2 12.28 44.48 0L176 322.72l100.07 100.07c12.28 12.28 32.2 12.28 44.48 0l22.24-22.24c12.28-12.28 12.28-32.19 0-44.48L242.72 256z"
        />
      </svg>
    </button>
  </div>
   
  <div
    className="btn-group"
    role="group"
  >
    <button
      aria-label={null}
      className="btn btn-outline-secondary"
      onClick={[Function]}
    >
      2
    </button>
    <button
      aria-label={null}
      className="btn btn-outline-secondary"
      onClick={[Function]}
      type="button"
    >
      <svg
        fill="currentColor"
        height="1em"
        stroke="currentColor"
        strokeWidth="0"
        style={
          Object {
            "color": undefined,
          }
        }
        viewBox="0 0 352 512"
        width="1em"
      >
        <path
          d="M242.72 256l100.07-100.07c12.28-12.28 12.28-32.19 0-44.48l-22.24-22.24c-12.28-12.28-32.19-12.28-44.48 0L176 189.28 75.93 89.21c-12.28-12.28-32.19-12.28-44.48 0L9.21 111.45c-12.28 12.28-12.28 32.19 0 44.48L109.28 256 9.21 356.07c-12.28 12.28-12.28 32.19 0 44.48l22.24 22.24c12.28 12.28 32.2 12.28 44.48 0L176 322.72l100.07 100.07c12.28 12.28 32.2 12.28 44.48 0l22.24-22.24c12.28-12.28 12.28-32.19 0-44.48L242.72 256z"
        />
      </svg>
    </button>
  </div>
</div>
`;
